// Jest Snapshot v1, https://goo.gl/fbAQLP

exports[`<QuestionDetailPreview /> should matches the snapshot 1`] = `
Array [
  <h3>
    this question title
  </h3>,
  <h4>
    252
  </h4>,
  <div>
    <img
      alt="option 1"
      src="option 1"
    />
  </div>,
  <div>
    <img
      alt="option 2"
      src="option 2"
    />
  </div>,
  <div>
    <img
      alt="option 3"
      src="option 3"
    />
  </div>,
  <div>
    <img
      alt="option 4"
      src="option 4"
    />
  </div>,
]
`;
