// Jest Snapshot v1, https://goo.gl/fbAQLP

exports[`<App /> should matches the snapshot 1`] = `
Array [
  <h1>
    home page
  </h1>,
  <a
    href="/createQuestion"
    onClick={[Function]}
  >
    create a question
  </a>,
  <br />,
  <a
    href="/signIn"
    onClick={[Function]}
  >
    sign in
  </a>,
  <br />,
  <a
    href="/questionListPage"
    onClick={[Function]}
  >
    question list page
  </a>,
  <br />,
  <a
    href="/signUp"
    onClick={[Function]}
  >
    sign up
  </a>,
]
`;
