// Jest Snapshot v1, https://goo.gl/fbAQLP

exports[`<CreateQuestion/> should matches the snapshot 1`] = `
<div
  className="createQuestionFormContainer"
>
  <form
    className="createQuestionForm"
    onSubmit={[Function]}
  >
    <div
      className="formGroup position-relative form-group"
    >
      <label
        className=""
        htmlFor="title"
      >
        title
      </label>
      <input
        className="formGroup formGroup_input form-control"
        id="title"
        name="title"
        onChange={[Function]}
        placeholder="write a question title"
        type="text"
        value=""
      />
    </div>
    <div
      className="formGroup position-relative form-group"
    >
      <label
        className=""
        htmlFor="text"
      >
        text
      </label>
      <textarea
        className="formGroup formGroup_input form-control"
        id="text"
        name="text"
        onChange={[Function]}
        placeholder="write a description"
        rows={5}
        value=""
      />
    </div>
    <div
      className="formGroup position-relative form-group"
    >
      <label
        className=""
        htmlFor="prize"
      >
        prize
      </label>
      <input
        className="formGroup formGroup_input form-control"
        id="prize"
        name="prize"
        onChange={[Function]}
        placeholder="write a question title"
        type="text"
        value={0}
      />
    </div>
    <div
      className="formGroup position-relative form-group"
    >
      <label
        className=""
        htmlFor="options"
      >
        options
      </label>
      <input
        className="formGroup formGroup_input form-control"
        id="options"
        name="options"
        onChange={[Function]}
        placeholder="how many options?"
        type="text"
        value={4}
      />
    </div>
    <div>
      <input
        onChange={[Function]}
        type="file"
      />
    </div>
    <div>
      <input
        onChange={[Function]}
        type="file"
      />
    </div>
    <div>
      <input
        onChange={[Function]}
        type="file"
      />
    </div>
    <div>
      <input
        onChange={[Function]}
        type="file"
      />
    </div>
    <button
      aria-label={null}
      className="btn btn-secondary"
      onClick={[Function]}
    >
      Submit
    </button>
  </form>
</div>
`;
